Initializing document watcher...
Document watcher initialized
arizaikhlas01/coffee-mgr-agent/main.py: {"tabSize":4,"indentSize":4,"insertSpaces":true,"cursorStyle":1,"lineNumbers":1}
arizaikhlas01/coffee-mgr-agent/main.py: Using EditorConfig core...
coffee-mgr-agent/main.py: Target charset is not set
arizaikhlas01/coffee-mgr-agent/main.py: {"tabSize":4,"indentSize":4,"insertSpaces":true,"cursorStyle":1,"lineNumbers":1}
arizaikhlas01/coffee-mgr-agent/main.py: {"tabSize":4,"indentSize":4,"insertSpaces":true,"cursorStyle":1,"lineNumbers":1}
arizaikhlas01/coffee-mgr-agent/main.py: {"tabSize":4,"indentSize":4,"insertSpaces":true,"cursorStyle":1,"lineNumbers":1}
arizaikhlas01/coffee-mgr-agent/main.py: {"tabSize":4,"indentSize":4,"insertSpaces":true,"cursorStyle":1,"lineNumbers":1}
arizaikhlas01/coffee-mgr-agent/main.py: {"tabSize":4,"indentSize":4,"insertSpaces":true,"cursorStyle":1,"lineNumbers":1}
arizaikhlas01/coffee-mgr-agent/main.py: {"tabSize":4,"indentSize":4,"insertSpaces":true,"cursorStyle":1,"lineNumbers":1}
arizaikhlas01/coffee-mgr-agent/main.py: {"tabSize":4,"indentSize":4,"insertSpaces":true,"cursorStyle":1,"lineNumbers":1}
arizaikhlas01/coffee-mgr-agent/main.py: {"tabSize":4,"indentSize":4,"insertSpaces":true,"cursorStyle":1,"lineNumbers":1}
arizaikhlas01/persona_secure/index.js: {"tabSize":4,"indentSize":4,"insertSpaces":true,"cursorStyle":1,"lineNumbers":1}
arizaikhlas01/persona_secure/index.js: Using EditorConfig core...
persona_secure/index.js: Target charset is not set
arizaikhlas01/persona_secure/index.js: {"tabSize":4,"indentSize":4,"insertSpaces":true,"cursorStyle":1,"lineNumbers":1}
arizaikhlas01/persona_secure/index.js: Using EditorConfig core...
arizaikhlas01/persona_secure/index.js: Using EditorConfig core...
persona_secure/index.js: Target charset is not set
arizaikhlas01/persona_secure/index.js: {"tabSize":4,"indentSize":4,"insertSpaces":true,"cursorStyle":1,"lineNumbers":1}
arizaikhlas01/persona_secure/index.js: {"tabSize":4,"indentSize":4,"insertSpaces":true,"cursorStyle":1,"lineNumbers":1}
arizaikhlas01/persona_secure/index.js: {"tabSize":4,"indentSize":4,"insertSpaces":true,"cursorStyle":1,"lineNumbers":1}
arizaikhlas01/persona_secure/firestore.rules: {"tabSize":4,"indentSize":4,"insertSpaces":true,"cursorStyle":1,"lineNumbers":1}
arizaikhlas01/persona_secure/firestore.rules: Using EditorConfig core...
persona_secure/firestore.rules: Target charset is not set
arizaikhlas01/persona_secure/firestore.rules: {"tabSize":4,"indentSize":4,"insertSpaces":true,"cursorStyle":1,"lineNumbers":1}
arizaikhlas01/persona_secure/firestore.rules: Using EditorConfig core...
arizaikhlas01/persona_secure/firestore.rules: Using EditorConfig core...
persona_secure/firestore.rules: Target charset is not set
arizaikhlas01/persona_secure/index.js: {"tabSize":4,"indentSize":4,"insertSpaces":true,"cursorStyle":1,"lineNumbers":1}
arizaikhlas01/persona_secure/index.js: Using EditorConfig core...
persona_secure/index.js: Target charset is not set
arizaikhlas01/persona_secure/firestore.rules: {"tabSize":4,"indentSize":4,"insertSpaces":true,"cursorStyle":1,"lineNumbers":1}
arizaikhlas01/persona_secure/firestore.rules: Using EditorConfig core...
persona_secure/firestore.rules: Target charset is not set
arizaikhlas01/persona_secure/firestore.rules: {"tabSize":4,"indentSize":4,"insertSpaces":true,"cursorStyle":1,"lineNumbers":1}
arizaikhlas01/persona_secure/firestore.rules: {"tabSize":4,"indentSize":4,"insertSpaces":true,"cursorStyle":1,"lineNumbers":1}
arizaikhlas01/persona_secure/app.js: {"tabSize":4,"indentSize":4,"insertSpaces":true,"cursorStyle":1,"lineNumbers":1}
arizaikhlas01/persona_secure/app.js: Using EditorConfig core...
persona_secure/app.js: Target charset is not set
arizaikhlas01/persona_secure/index.html: {"tabSize":4,"indentSize":4,"insertSpaces":true,"cursorStyle":1,"lineNumbers":1}
arizaikhlas01/persona_secure/index.html: Using EditorConfig core...
persona_secure/index.html: Target charset is not set
arizaikhlas01/persona_secure/index.html: {"tabSize":4,"indentSize":4,"insertSpaces":true,"cursorStyle":1,"lineNumbers":1}
arizaikhlas01/persona_secure/index.html: {"tabSize":4,"indentSize":4,"insertSpaces":true,"cursorStyle":1,"lineNumbers":1}
arizaikhlas01/persona_secure/index.html: Using EditorConfig core...
arizaikhlas01/persona_secure/index.html: Using EditorConfig core...
persona_secure/index.html: Target charset is not set
arizaikhlas01/persona_secure/app.js: {"tabSize":4,"indentSize":4,"insertSpaces":true,"cursorStyle":1,"lineNumbers":1}
arizaikhlas01/persona_secure/app.js: Using EditorConfig core...
persona_secure/app.js: Target charset is not set
arizaikhlas01/persona_secure/app.js: {"tabSize":4,"indentSize":4,"insertSpaces":true,"cursorStyle":1,"lineNumbers":1}
arizaikhlas01/persona_secure/app.js: Using EditorConfig core...
arizaikhlas01/persona_secure/app.js: Using EditorConfig core...
persona_secure/app.js: Target charset is not set
arizaikhlas01/persona_secure/app.js: {"tabSize":4,"indentSize":4,"insertSpaces":true,"cursorStyle":1,"lineNumbers":1}
