Initializing document watcher...
Document watcher initialized
arizaikhlas01/persona_secure/public/index.html: {"tabSize":2,"indentSize":2,"insertSpaces":true,"cursorStyle":1,"lineNumbers":1}
arizaikhlas01/persona_secure/public/index.html: Using EditorConfig core...
arizaikhlas01/persona_secure/package-lock.json: {}
arizaikhlas01/persona_secure/Dockerfile: Using EditorConfig core...
persona_secure/public/index.html: Target charset is not set
arizaikhlas01/persona_secure/package-lock.json: {"tabSize":2,"indentSize":2,"insertSpaces":true,"cursorStyle":1,"lineNumbers":1}
arizaikhlas01/persona_secure/package-lock.json: Using EditorConfig core...
persona_secure/Dockerfile: Target charset is not set
persona_secure/package-lock.json: Target charset is not set
arizaikhlas01/persona_secure/public/index.html: {"tabSize":2,"indentSize":2,"insertSpaces":true,"cursorStyle":1,"lineNumbers":1}
arizaikhlas01/persona_secure/public/index.html: Using EditorConfig core...
persona_secure/public/index.html: Target charset is not set
arizaikhlas01/run_deploy.sh: {"tabSize":2,"indentSize":2,"insertSpaces":true,"cursorStyle":1,"lineNumbers":1}
arizaikhlas01/run_deploy.sh: Using EditorConfig core...
arizaikhlas01/run_deploy.sh: {}
run_deploy.sh: Target charset is not set
arizaikhlas01/persona_secure/server.js: {"tabSize":2,"indentSize":2,"insertSpaces":true,"cursorStyle":1,"lineNumbers":1}
arizaikhlas01/persona_secure/server.js: Using EditorConfig core...
persona_secure/server.js: Target charset is not set
