Initializing document watcher...
Document watcher initialized
No more open editors.
arizaikhlas01/persona_secure/Functions/package-lock.json: Using EditorConfig core...
No more open editors.
persona_secure/Functions/package-lock.json: Target charset is not set
No more open editors.
arizaikhlas01/persona_secure/public/index.html: Using EditorConfig core...
No more open editors.
arizaikhlas01/persona_secure/public/index.html: Using EditorConfig core...
No more open editors.
arizaikhlas01/data-agent/agent.py: Using EditorConfig core...
persona_secure/public/index.html: Target charset is not set
persona_secure/public/index.html: Target charset is not set
data-agent/agent.py: Target charset is not set
No more open editors.
arizaikhlas01/persona_secure/package.json: {"tabSize":4,"indentSize":4,"insertSpaces":true,"cursorStyle":1,"lineNumbers":1}
arizaikhlas01/persona_secure/package.json: Using EditorConfig core...
persona_secure/package.json: Target charset is not set
arizaikhlas01/persona_secure/package.json: {"tabSize":4,"indentSize":4,"insertSpaces":true,"cursorStyle":1,"lineNumbers":1}
arizaikhlas01/persona_secure/package.json: Using EditorConfig core...
arizaikhlas01/persona_secure/package.json: Using EditorConfig core...
persona_secure/package.json: Target charset is not set
arizaikhlas01/persona_secure/package.json: {"tabSize":4,"indentSize":4,"insertSpaces":true,"cursorStyle":1,"lineNumbers":1}
arizaikhlas01/persona_secure/package.json: {"tabSize":4,"indentSize":4,"insertSpaces":true,"cursorStyle":1,"lineNumbers":1}
arizaikhlas01/persona_secure/Dockerfile: {"tabSize":4,"indentSize":4,"insertSpaces":true,"cursorStyle":1,"lineNumbers":1}
arizaikhlas01/persona_secure/Dockerfile: Using EditorConfig core...
persona_secure/Dockerfile: Target charset is not set
arizaikhlas01/persona_secure/Dockerfile: {"tabSize":4,"indentSize":4,"insertSpaces":true,"cursorStyle":1,"lineNumbers":1}
arizaikhlas01/persona_secure/Dockerfile: {"tabSize":4,"indentSize":4,"insertSpaces":true,"cursorStyle":1,"lineNumbers":1}
arizaikhlas01/persona_secure/Dockerfile: Using EditorConfig core...
arizaikhlas01/persona_secure/Dockerfile: Using EditorConfig core...
persona_secure/Dockerfile: Target charset is not set
arizaikhlas01/persona_secure/Dockerfile: {"tabSize":4,"indentSize":4,"insertSpaces":true,"cursorStyle":1,"lineNumbers":1}
arizaikhlas01/persona_secure/server.js: {"tabSize":4,"indentSize":4,"insertSpaces":true,"cursorStyle":1,"lineNumbers":1}
arizaikhlas01/persona_secure/server.js: Using EditorConfig core...
persona_secure/server.js: Target charset is not set
arizaikhlas01/persona_secure/server.js: {"tabSize":4,"indentSize":4,"insertSpaces":true,"cursorStyle":1,"lineNumbers":1}
arizaikhlas01/persona_secure/server.js: Using EditorConfig core...
arizaikhlas01/persona_secure/server.js: Using EditorConfig core...
persona_secure/server.js: Target charset is not set
arizaikhlas01/persona_secure/server.js: {"tabSize":4,"indentSize":4,"insertSpaces":true,"cursorStyle":1,"lineNumbers":1}
arizaikhlas01/persona_secure/public/index.html: {"tabSize":4,"indentSize":4,"insertSpaces":true,"cursorStyle":1,"lineNumbers":1}
arizaikhlas01/persona_secure/public/index.html: Using EditorConfig core...
persona_secure/public/index.html: Target charset is not set
arizaikhlas01/persona_secure/public/index.html: {"tabSize":4,"indentSize":4,"insertSpaces":true,"cursorStyle":1,"lineNumbers":1}
arizaikhlas01/persona_secure/public/index.html: Using EditorConfig core...
arizaikhlas01/persona_secure/public/index.html: Using EditorConfig core...
persona_secure/public/index.html: Target charset is not set
arizaikhlas01/persona_secure/public/index.html: {"tabSize":4,"indentSize":4,"insertSpaces":true,"cursorStyle":1,"lineNumbers":1}
arizaikhlas01/persona_secure/public/index.html: {"tabSize":4,"indentSize":4,"insertSpaces":true,"cursorStyle":1,"lineNumbers":1}
arizaikhlas01/persona_secure/public/index.html: {"tabSize":4,"indentSize":4,"insertSpaces":true,"cursorStyle":1,"lineNumbers":1}
arizaikhlas01/persona_secure/Dockerfile: {"tabSize":4,"indentSize":4,"insertSpaces":true,"cursorStyle":1,"lineNumbers":1}
arizaikhlas01/persona_secure/Dockerfile: Using EditorConfig core...
persona_secure/Dockerfile: Target charset is not set
arizaikhlas01/persona_secure/Dockerfile: {"tabSize":4,"indentSize":4,"insertSpaces":true,"cursorStyle":1,"lineNumbers":1}
arizaikhlas01/persona_secure/package.json: {"tabSize":4,"indentSize":4,"insertSpaces":true,"cursorStyle":1,"lineNumbers":1}
arizaikhlas01/persona_secure/package.json: Using EditorConfig core...
persona_secure/package.json: Target charset is not set
arizaikhlas01/persona_secure/package.json: {"tabSize":4,"indentSize":4,"insertSpaces":true,"cursorStyle":1,"lineNumbers":1}
arizaikhlas01/persona_secure/package.json: {"tabSize":4,"indentSize":4,"insertSpaces":true,"cursorStyle":1,"lineNumbers":1}
arizaikhlas01/persona_secure/package.json: {"tabSize":4,"indentSize":4,"insertSpaces":true,"cursorStyle":1,"lineNumbers":1}
arizaikhlas01/persona_secure/.env: {"tabSize":4,"indentSize":4,"insertSpaces":true,"cursorStyle":1,"lineNumbers":1}
arizaikhlas01/persona_secure/.env: Using EditorConfig core...
persona_secure/.env: Target charset is not set
arizaikhlas01/persona_secure/.env: {"tabSize":4,"indentSize":4,"insertSpaces":true,"cursorStyle":1,"lineNumbers":1}
arizaikhlas01/persona_secure/.env: Using EditorConfig core...
arizaikhlas01/persona_secure/.env: Using EditorConfig core...
persona_secure/.env: Target charset is not set
arizaikhlas01/persona_secure/.env: {"tabSize":4,"indentSize":4,"insertSpaces":true,"cursorStyle":1,"lineNumbers":1}
arizaikhlas01/persona_secure/.env: {"tabSize":4,"indentSize":4,"insertSpaces":true,"cursorStyle":1,"lineNumbers":1}
arizaikhlas01/persona_secure/.env: {"tabSize":4,"indentSize":4,"insertSpaces":true,"cursorStyle":1,"lineNumbers":1}
arizaikhlas01/persona_secure/.env: {"tabSize":4,"indentSize":4,"insertSpaces":true,"cursorStyle":1,"lineNumbers":1}
arizaikhlas01/persona_secure/.env: {"tabSize":4,"indentSize":4,"insertSpaces":true,"cursorStyle":1,"lineNumbers":1}
arizaikhlas01/persona_secure/server.js: {"tabSize":4,"indentSize":4,"insertSpaces":true,"cursorStyle":1,"lineNumbers":1}
arizaikhlas01/persona_secure/server.js: Using EditorConfig core...
persona_secure/server.js: Target charset is not set
arizaikhlas01/persona_secure/Dockerfile: {"tabSize":4,"indentSize":4,"insertSpaces":true,"cursorStyle":1,"lineNumbers":1}
arizaikhlas01/persona_secure/Dockerfile: Using EditorConfig core...
persona_secure/Dockerfile: Target charset is not set
arizaikhlas01/persona_secure/server.js: {"tabSize":4,"indentSize":4,"insertSpaces":true,"cursorStyle":1,"lineNumbers":1}
arizaikhlas01/persona_secure/server.js: Using EditorConfig core...
persona_secure/server.js: Target charset is not set
arizaikhlas01/persona_secure/server.js: Using EditorConfig core...
arizaikhlas01/persona_secure/server.js: Using EditorConfig core...
persona_secure/server.js: Target charset is not set
arizaikhlas01/persona_secure/server.js: Using EditorConfig core...
arizaikhlas01/persona_secure/server.js: Using EditorConfig core...
persona_secure/server.js: Target charset is not set
arizaikhlas01/persona_secure/server.js: {"tabSize":4,"indentSize":4,"insertSpaces":true,"cursorStyle":1,"lineNumbers":1}
arizaikhlas01/persona_secure/server.js: {"tabSize":4,"indentSize":4,"insertSpaces":true,"cursorStyle":1,"lineNumbers":1}
arizaikhlas01/persona_secure/server.js: {"tabSize":4,"indentSize":4,"insertSpaces":true,"cursorStyle":1,"lineNumbers":1}
arizaikhlas01/persona_secure/public/index.html: {"tabSize":4,"indentSize":4,"insertSpaces":true,"cursorStyle":1,"lineNumbers":1}
arizaikhlas01/persona_secure/public/index.html: Using EditorConfig core...
persona_secure/public/index.html: Target charset is not set
arizaikhlas01/persona_secure/public/index.html: {"tabSize":4,"indentSize":4,"insertSpaces":true,"cursorStyle":1,"lineNumbers":1}
arizaikhlas01/persona_secure/public/index.html: {"tabSize":4,"indentSize":4,"insertSpaces":true,"cursorStyle":1,"lineNumbers":1}
arizaikhlas01/persona_secure/public/index.html: {"tabSize":4,"indentSize":4,"insertSpaces":true,"cursorStyle":1,"lineNumbers":1}
