Initializing document watcher...
Document watcher initialized
arizaikhlas01/persona_secure/server.js: {"tabSize":2,"indentSize":2,"insertSpaces":true,"cursorStyle":1,"lineNumbers":1}
arizaikhlas01/persona_secure/server.js: Using EditorConfig core...
persona_secure/server.js: Target charset is not set
arizaikhlas01/persona_secure/server.js: {"tabSize":2,"indentSize":2,"insertSpaces":true,"cursorStyle":1,"lineNumbers":1}
arizaikhlas01/persona_secure/server.js: {"tabSize":2,"indentSize":2,"insertSpaces":true,"cursorStyle":1,"lineNumbers":1}
arizaikhlas01/persona_secure/server.js: {"tabSize":2,"indentSize":2,"insertSpaces":true,"cursorStyle":1,"lineNumbers":1}
arizaikhlas01/persona_secure/server.js: {"tabSize":2,"indentSize":2,"insertSpaces":true,"cursorStyle":1,"lineNumbers":1}
arizaikhlas01/persona_secure/server.js: {"tabSize":2,"indentSize":2,"insertSpaces":true,"cursorStyle":1,"lineNumbers":1}
arizaikhlas01/persona_secure/server.js: {"tabSize":2,"indentSize":2,"insertSpaces":true,"cursorStyle":1,"lineNumbers":1}
arizaikhlas01/persona_secure/server.js: {"tabSize":2,"indentSize":2,"insertSpaces":true,"cursorStyle":1,"lineNumbers":1}
arizaikhlas01/persona_secure/server.js: {"tabSize":2,"indentSize":2,"insertSpaces":true,"cursorStyle":1,"lineNumbers":1}
arizaikhlas01/enterprise-secure-journal/docker: {"tabSize":4,"indentSize":4,"insertSpaces":true,"cursorStyle":1,"lineNumbers":1}
arizaikhlas01/enterprise-secure-journal/docker: Using EditorConfig core...
enterprise-secure-journal/docker: Target charset is not set
arizaikhlas01/enterprise-secure-journal/docker: Using EditorConfig core...
arizaikhlas01/enterprise-secure-journal/docker: Using EditorConfig core...
enterprise-secure-journal/docker: Target charset is not set
arizaikhlas01/enterprise-secure-journal/docker: {"tabSize":4,"indentSize":4,"insertSpaces":true,"cursorStyle":1,"lineNumbers":1}
arizaikhlas01/enterprise-secure-journal/node.js: {"tabSize":4,"indentSize":4,"insertSpaces":true,"cursorStyle":1,"lineNumbers":1}
arizaikhlas01/enterprise-secure-journal/node.js: Using EditorConfig core...
enterprise-secure-journal/node.js: Target charset is not set
arizaikhlas01/enterprise-secure-journal/node.js: {"tabSize":4,"indentSize":4,"insertSpaces":true,"cursorStyle":1,"lineNumbers":1}
arizaikhlas01/enterprise-secure-journal/node.js: {"tabSize":4,"indentSize":4,"insertSpaces":true,"cursorStyle":1,"lineNumbers":1}
arizaikhlas01/enterprise-secure-journal/server.ts: {"tabSize":2,"indentSize":2,"insertSpaces":true,"cursorStyle":1,"lineNumbers":1}
arizaikhlas01/enterprise-secure-journal/server.ts: Using EditorConfig core...
enterprise-secure-journal/server.ts: Target charset is not set
arizaikhlas01/enterprise-secure-journal/server.ts: {"tabSize":2,"indentSize":2,"insertSpaces":true,"cursorStyle":1,"lineNumbers":1}
arizaikhlas01/enterprise-secure-journal/server.ts: {"tabSize":2,"indentSize":2,"insertSpaces":true,"cursorStyle":1,"lineNumbers":1}
arizaikhlas01/enterprise-secure-journal/server.ts: {"tabSize":2,"indentSize":2,"insertSpaces":true,"cursorStyle":1,"lineNumbers":1}
arizaikhlas01/enterprise-secure-journal/src/index.css: {"tabSize":4,"indentSize":4,"insertSpaces":true,"cursorStyle":1,"lineNumbers":1}
arizaikhlas01/enterprise-secure-journal/src/index.css: Using EditorConfig core...
enterprise-secure-journal/src/index.css: Target charset is not set
arizaikhlas01/enterprise-secure-journal/src/App.tsx: {"tabSize":2,"indentSize":2,"insertSpaces":true,"cursorStyle":1,"lineNumbers":1}
arizaikhlas01/enterprise-secure-journal/src/App.tsx: Using EditorConfig core...
enterprise-secure-journal/src/App.tsx: Target charset is not set
arizaikhlas01/enterprise-secure-journal/src/index.css: {"tabSize":4,"indentSize":4,"insertSpaces":true,"cursorStyle":1,"lineNumbers":1}
arizaikhlas01/enterprise-secure-journal/src/index.css: Using EditorConfig core...
enterprise-secure-journal/src/index.css: Target charset is not set
arizaikhlas01/enterprise-secure-journal/src/main.tsx: {"tabSize":2,"indentSize":2,"insertSpaces":true,"cursorStyle":1,"lineNumbers":1}
arizaikhlas01/enterprise-secure-journal/src/main.tsx: Using EditorConfig core...
enterprise-secure-journal/src/main.tsx: Target charset is not set
arizaikhlas01/enterprise-secure-journal/index.html: {"tabSize":2,"indentSize":2,"insertSpaces":true,"cursorStyle":1,"lineNumbers":1}
arizaikhlas01/enterprise-secure-journal/index.html: Using EditorConfig core...
enterprise-secure-journal/index.html: Target charset is not set
arizaikhlas01/enterprise-secure-journal/bun.lock: {"tabSize":2,"indentSize":2,"insertSpaces":true,"cursorStyle":1,"lineNumbers":1}
arizaikhlas01/enterprise-secure-journal/bun.lock: Using EditorConfig core...
enterprise-secure-journal/bun.lock: Target charset is not set
arizaikhlas01/enterprise-secure-journal/firebase-applet-config.json: {"tabSize":2,"indentSize":2,"insertSpaces":true,"cursorStyle":1,"lineNumbers":1}
arizaikhlas01/enterprise-secure-journal/firebase-applet-config.json: Using EditorConfig core...
enterprise-secure-journal/firebase-applet-config.json: Target charset is not set
arizaikhlas01/enterprise-secure-journal/metadata.json: {"tabSize":2,"indentSize":2,"insertSpaces":true,"cursorStyle":1,"lineNumbers":1}
arizaikhlas01/enterprise-secure-journal/metadata.json: Using EditorConfig core...
enterprise-secure-journal/metadata.json: Target charset is not set
arizaikhlas01/enterprise-secure-journal/package.json: {"tabSize":2,"indentSize":2,"insertSpaces":true,"cursorStyle":1,"lineNumbers":1}
arizaikhlas01/enterprise-secure-journal/package.json: Using EditorConfig core...
enterprise-secure-journal/package.json: Target charset is not set
arizaikhlas01/enterprise-secure-journal/index.html: {"tabSize":2,"indentSize":2,"insertSpaces":true,"cursorStyle":1,"lineNumbers":1}
arizaikhlas01/enterprise-secure-journal/index.html: Using EditorConfig core...
enterprise-secure-journal/index.html: Target charset is not set
arizaikhlas01/enterprise-secure-journal/index.html: {"tabSize":2,"indentSize":2,"insertSpaces":true,"cursorStyle":1,"lineNumbers":1}
arizaikhlas01/enterprise-secure-journal/index.html: {"tabSize":2,"indentSize":2,"insertSpaces":true,"cursorStyle":1,"lineNumbers":1}
arizaikhlas01/enterprise-secure-journal/index.html: {"tabSize":2,"indentSize":2,"insertSpaces":true,"cursorStyle":1,"lineNumbers":1}
