Initializing document watcher...
Document watcher initialized
arizaikhlas01/persona_secure/app.js: {"tabSize":2,"indentSize":2,"insertSpaces":true,"cursorStyle":1,"lineNumbers":1}
arizaikhlas01/persona_secure/app.js: Using EditorConfig core...
persona_secure/app.js: Target charset is not set
arizaikhlas01/persona_secure/app.js: {"tabSize":2,"indentSize":2,"insertSpaces":true,"cursorStyle":1,"lineNumbers":1}
arizaikhlas01/persona_secure/app.js: {"tabSize":2,"indentSize":2,"insertSpaces":true,"cursorStyle":1,"lineNumbers":1}
arizaikhlas01/persona_secure/app.js: {"tabSize":2,"indentSize":2,"insertSpaces":true,"cursorStyle":1,"lineNumbers":1}
arizaikhlas01/persona_secure/app.js: {"tabSize":2,"indentSize":2,"insertSpaces":true,"cursorStyle":1,"lineNumbers":1}
arizaikhlas01/persona_secure/app.js: {"tabSize":2,"indentSize":2,"insertSpaces":true,"cursorStyle":1,"lineNumbers":1}
arizaikhlas01/persona_secure/app.js: {"tabSize":2,"indentSize":2,"insertSpaces":true,"cursorStyle":1,"lineNumbers":1}
arizaikhlas01/persona_secure/app.js: {"tabSize":2,"indentSize":2,"insertSpaces":true,"cursorStyle":1,"lineNumbers":1}
arizaikhlas01/persona_secure/index.js: {"tabSize":2,"indentSize":2,"insertSpaces":true,"cursorStyle":1,"lineNumbers":1}
arizaikhlas01/persona_secure/index.js: Using EditorConfig core...
persona_secure/index.js: Target charset is not set
arizaikhlas01/persona_secure/Functions/index.js: {"tabSize":2,"indentSize":2,"insertSpaces":true,"cursorStyle":1,"lineNumbers":1}
arizaikhlas01/persona_secure/Functions/index.js: Using EditorConfig core...
persona_secure/Functions/index.js: Target charset is not set
arizaikhlas01/persona_secure/Functions/index.js: {"tabSize":2,"indentSize":2,"insertSpaces":true,"cursorStyle":1,"lineNumbers":1}
arizaikhlas01/persona_secure/Functions/index.js: {"tabSize":2,"indentSize":2,"insertSpaces":true,"cursorStyle":1,"lineNumbers":1}
arizaikhlas01/persona_secure/Functions/index.js: {"tabSize":2,"indentSize":2,"insertSpaces":true,"cursorStyle":1,"lineNumbers":1}
arizaikhlas01/persona_secure/Functions/index.js: {"tabSize":2,"indentSize":2,"insertSpaces":true,"cursorStyle":1,"lineNumbers":1}
arizaikhlas01/persona_secure/Functions/package.json: {"tabSize":2,"indentSize":2,"insertSpaces":true,"cursorStyle":1,"lineNumbers":1}
arizaikhlas01/persona_secure/Functions/package.json: Using EditorConfig core...
persona_secure/Functions/package.json: Target charset is not set
arizaikhlas01/persona_secure/Functions/package-lock.json: {"tabSize":2,"indentSize":2,"insertSpaces":true,"cursorStyle":1,"lineNumbers":1}
arizaikhlas01/persona_secure/Functions/package-lock.json: Using EditorConfig core...
persona_secure/Functions/package-lock.json: Target charset is not set
arizaikhlas01/persona_secure/Functions/package-lock.json: {"tabSize":2,"indentSize":2,"insertSpaces":true,"cursorStyle":1,"lineNumbers":1}
arizaikhlas01/persona_secure/Functions/package-lock.json: {"tabSize":2,"indentSize":2,"insertSpaces":true,"cursorStyle":1,"lineNumbers":1}
arizaikhlas01/persona_secure/Functions/package-lock.json: {"tabSize":2,"indentSize":2,"insertSpaces":true,"cursorStyle":1,"lineNumbers":1}
