Initializing document watcher...
Document watcher initialized
arizaikhlas01/coffee-barista-agent/app.py: {"tabSize":4,"indentSize":4,"insertSpaces":true,"cursorStyle":1,"lineNumbers":1}
arizaikhlas01/coffee-barista-agent/app.py: Using EditorConfig core...
coffee-barista-agent/app.py: Target charset is not set
arizaikhlas01/coffee-barista-agent/app.py: {"tabSize":4,"indentSize":4,"insertSpaces":true,"cursorStyle":1,"lineNumbers":1}
arizaikhlas01/coffee-barista-agent/app.py: {"tabSize":4,"indentSize":4,"insertSpaces":true,"cursorStyle":1,"lineNumbers":1}
arizaikhlas01/coffee-barista-agent/app.py: {"tabSize":4,"indentSize":4,"insertSpaces":true,"cursorStyle":1,"lineNumbers":1}
arizaikhlas01/coffee-barista-agent/app.py: {"tabSize":4,"indentSize":4,"insertSpaces":true,"cursorStyle":1,"lineNumbers":1}
arizaikhlas01/data_agent/agent.py: {"tabSize":4,"indentSize":4,"insertSpaces":true,"cursorStyle":1,"lineNumbers":1}
arizaikhlas01/data_agent/agent.py: Using EditorConfig core...
data_agent/agent.py: Target charset is not set
arizaikhlas01/data_agent/agent.py: {"tabSize":4,"indentSize":4,"insertSpaces":true,"cursorStyle":1,"lineNumbers":1}
arizaikhlas01/data_agent/agent.py: Using EditorConfig core...
arizaikhlas01/data_agent/agent.py: Using EditorConfig core...
data_agent/agent.py: Target charset is not set
arizaikhlas01/data_agent/agent.py: {"tabSize":4,"indentSize":4,"insertSpaces":true,"cursorStyle":1,"lineNumbers":1}
arizaikhlas01/data_agent/agent.py: {"tabSize":4,"indentSize":4,"insertSpaces":true,"cursorStyle":1,"lineNumbers":1}
arizaikhlas01/data_agent/agent.py: {"tabSize":4,"indentSize":4,"insertSpaces":true,"cursorStyle":1,"lineNumbers":1}
arizaikhlas01/data_agent/agent.py: {"tabSize":4,"indentSize":4,"insertSpaces":true,"cursorStyle":1,"lineNumbers":1}
arizaikhlas01/data_agent/agent.py: {"tabSize":4,"indentSize":4,"insertSpaces":true,"cursorStyle":1,"lineNumbers":1}
arizaikhlas01/data_agent/agent.py: {"tabSize":4,"indentSize":4,"insertSpaces":true,"cursorStyle":1,"lineNumbers":1}
arizaikhlas01/data_agent/agent.py: {"tabSize":4,"indentSize":4,"insertSpaces":true,"cursorStyle":1,"lineNumbers":1}
arizaikhlas01/data_agent/agent.py: {"tabSize":4,"indentSize":4,"insertSpaces":true,"cursorStyle":1,"lineNumbers":1}
arizaikhlas01/data_agent/agent.py: {"tabSize":4,"indentSize":4,"insertSpaces":true,"cursorStyle":1,"lineNumbers":1}
arizaikhlas01/data_agent/agent.py: {"tabSize":4,"indentSize":4,"insertSpaces":true,"cursorStyle":1,"lineNumbers":1}
