Initializing document watcher...
Document watcher initialized
arizaikhlas01/data-agent/agent.py: {"tabSize":4,"indentSize":4,"insertSpaces":true,"cursorStyle":1,"lineNumbers":1}
arizaikhlas01/data-agent/agent.py: Using EditorConfig core...
data-agent/agent.py: Target charset is not set
arizaikhlas01/coffee-mgr-agent/=0.100.0: {"tabSize":4,"indentSize":4,"insertSpaces":false,"cursorStyle":1,"lineNumbers":1}
arizaikhlas01/coffee-mgr-agent/=0.100.0: Using EditorConfig core...
coffee-mgr-agent/=0.100.0: Target charset is not set
arizaikhlas01/coffee-mgr-agent/=1.27.1: {"tabSize":4,"indentSize":4,"insertSpaces":true,"cursorStyle":1,"lineNumbers":1}
arizaikhlas01/coffee-mgr-agent/=1.27.1: Using EditorConfig core...
coffee-mgr-agent/=1.27.1: Target charset is not set
arizaikhlas01/coffee-barista-agent/agent.py: {"tabSize":4,"indentSize":4,"insertSpaces":true,"cursorStyle":1,"lineNumbers":1}
arizaikhlas01/coffee-barista-agent/agent.py: Using EditorConfig core...
coffee-barista-agent/agent.py: Target charset is not set
arizaikhlas01/coffee-mgr-agent/=0.22.0: {"tabSize":4,"indentSize":4,"insertSpaces":true,"cursorStyle":1,"lineNumbers":1}
arizaikhlas01/coffee-mgr-agent/=0.22.0: Using EditorConfig core...
coffee-mgr-agent/=0.22.0: Target charset is not set
arizaikhlas01/coffee-mgr-agent/=0.22.0: {"tabSize":4,"indentSize":4,"insertSpaces":true,"cursorStyle":1,"lineNumbers":1}
arizaikhlas01/coffee-mgr-agent/=0.22.0: {"tabSize":4,"indentSize":4,"insertSpaces":true,"cursorStyle":1,"lineNumbers":1}
arizaikhlas01/coffee-mgr-agent/=1.27.1: {"tabSize":4,"indentSize":4,"insertSpaces":true,"cursorStyle":1,"lineNumbers":1}
arizaikhlas01/coffee-mgr-agent/=1.27.1: Using EditorConfig core...
coffee-mgr-agent/=1.27.1: Target charset is not set
arizaikhlas01/coffee-barista-agent/agent.py: {"tabSize":4,"indentSize":4,"insertSpaces":true,"cursorStyle":1,"lineNumbers":1}
arizaikhlas01/coffee-barista-agent/agent.py: Using EditorConfig core...
coffee-barista-agent/agent.py: Target charset is not set
arizaikhlas01/coffee-barista-agent/agent.py: {"tabSize":4,"indentSize":4,"insertSpaces":true,"cursorStyle":1,"lineNumbers":1}
arizaikhlas01/coffee-barista-agent/agent.py: {"tabSize":4,"indentSize":4,"insertSpaces":true,"cursorStyle":1,"lineNumbers":1}
arizaikhlas01/coffee-mgr-agent/requirements.txt: {"tabSize":4,"indentSize":4,"insertSpaces":true,"cursorStyle":1,"lineNumbers":1}
arizaikhlas01/coffee-mgr-agent/requirements.txt: Using EditorConfig core...
coffee-mgr-agent/requirements.txt: Target charset is not set
arizaikhlas01/coffee-mgr-agent/requirements.txt: {"tabSize":4,"indentSize":4,"insertSpaces":true,"cursorStyle":1,"lineNumbers":1}
arizaikhlas01/coffee-mgr-agent/requirements.txt: Using EditorConfig core...
arizaikhlas01/coffee-mgr-agent/requirements.txt: Using EditorConfig core...
coffee-mgr-agent/requirements.txt: Target charset is not set
arizaikhlas01/coffee-mgr-agent/requirements.txt: {"tabSize":4,"indentSize":4,"insertSpaces":true,"cursorStyle":1,"lineNumbers":1}
arizaikhlas01/coffee-mgr-agent/requirements.txt: {"tabSize":4,"indentSize":4,"insertSpaces":true,"cursorStyle":1,"lineNumbers":1}
arizaikhlas01/coffee-mgr-agent/requirements.txt: {"tabSize":4,"indentSize":4,"insertSpaces":true,"cursorStyle":1,"lineNumbers":1}
arizaikhlas01/coffee-mgr-agent/requirements.txt: {"tabSize":4,"indentSize":4,"insertSpaces":true,"cursorStyle":1,"lineNumbers":1}
arizaikhlas01/coffee-mgr-agent/main.py: {"tabSize":4,"indentSize":4,"insertSpaces":true,"cursorStyle":1,"lineNumbers":1}
arizaikhlas01/coffee-mgr-agent/main.py: Using EditorConfig core...
coffee-mgr-agent/main.py: Target charset is not set
arizaikhlas01/coffee-mgr-agent/main.py: {"tabSize":4,"indentSize":4,"insertSpaces":true,"cursorStyle":1,"lineNumbers":1}
arizaikhlas01/coffee-mgr-agent/main.py: Using EditorConfig core...
arizaikhlas01/coffee-mgr-agent/main.py: Using EditorConfig core...
coffee-mgr-agent/main.py: Target charset is not set
arizaikhlas01/coffee-mgr-agent/main.py: {"tabSize":4,"indentSize":4,"insertSpaces":true,"cursorStyle":1,"lineNumbers":1}
arizaikhlas01/coffee-mgr-agent/main.py: {"tabSize":4,"indentSize":4,"insertSpaces":true,"cursorStyle":1,"lineNumbers":1}
arizaikhlas01/coffee-mgr-agent/main.py: {"tabSize":4,"indentSize":4,"insertSpaces":true,"cursorStyle":1,"lineNumbers":1}
arizaikhlas01/coffee-mgr-agent/main.py: {"tabSize":4,"indentSize":4,"insertSpaces":true,"cursorStyle":1,"lineNumbers":1}
arizaikhlas01/coffee-mgr-agent/main.py: {"tabSize":4,"indentSize":4,"insertSpaces":true,"cursorStyle":1,"lineNumbers":1}
arizaikhlas01/coffee-mgr-agent/main.py: {"tabSize":4,"indentSize":4,"insertSpaces":true,"cursorStyle":1,"lineNumbers":1}
arizaikhlas01/coffee-mgr-agent/main.py: {"tabSize":4,"indentSize":4,"insertSpaces":true,"cursorStyle":1,"lineNumbers":1}
