2026-08-31 12:09:14.788 [info] Unable to load library https://www.gstatic.com/firebasejs/10.8.0/firebase-app.ts at /google/devshell/editor/code-oss-for-cloud-shell/extensions/node_modules/typescript/lib/https:/www.gstatic.com/firebasejs/10.8.0/firebase-app.ts
2026-08-31 12:09:14.791 [info] Unable to load library https://www.gstatic.com/firebasejs/10.8.0/firebase-app.tsx at /google/devshell/editor/code-oss-for-cloud-shell/extensions/node_modules/typescript/lib/https:/www.gstatic.com/firebasejs/10.8.0/firebase-app.tsx
2026-08-31 12:09:14.793 [info] Unable to load library https://www.gstatic.com/firebasejs/10.8.0/firebase-app.d.ts at /google/devshell/editor/code-oss-for-cloud-shell/extensions/node_modules/typescript/lib/https:/www.gstatic.com/firebasejs/10.8.0/firebase-app.d.ts
2026-08-31 12:09:14.795 [info] Unable to load library https://www.gstatic.com/firebasejs/10.8.0/firebase-app.js.ts at /google/devshell/editor/code-oss-for-cloud-shell/extensions/node_modules/typescript/lib/https:/www.gstatic.com/firebasejs/10.8.0/firebase-app.js.ts
2026-08-31 12:09:14.797 [info] Unable to load library https://www.gstatic.com/firebasejs/10.8.0/firebase-app.js.tsx at /google/devshell/editor/code-oss-for-cloud-shell/extensions/node_modules/typescript/lib/https:/www.gstatic.com/firebasejs/10.8.0/firebase-app.js.tsx
2026-08-31 12:09:14.799 [info] Unable to load library https://www.gstatic.com/firebasejs/10.8.0/firebase-app.js.d.ts at /google/devshell/editor/code-oss-for-cloud-shell/extensions/node_modules/typescript/lib/https:/www.gstatic.com/firebasejs/10.8.0/firebase-app.js.d.ts
2026-08-31 12:09:14.808 [info] Unable to load library https://www.gstatic.com/firebasejs/10.8.0/firebase-app.js/package.json at /google/devshell/editor/code-oss-for-cloud-shell/extensions/node_modules/typescript/lib/https:/www.gstatic.com/firebasejs/10.8.0/firebase-app.js/package.json
2026-08-31 12:09:14.810 [info] Unable to load library file:///home/arizaikhlas01/persona_secure/public/node_modules/@types/https:/package.json at /google/devshell/editor/code-oss-for-cloud-shell/extensions/node_modules/typescript/lib/file:/home/arizaikhlas01/persona_secure/public/node_modules/@types/https:/package.json
2026-08-31 12:09:14.812 [info] Unable to load library https://www.gstatic.com/firebasejs/10.8.0/firebase-app.js/index.d.ts at /google/devshell/editor/code-oss-for-cloud-shell/extensions/node_modules/typescript/lib/https:/www.gstatic.com/firebasejs/10.8.0/firebase-app.js/index.d.ts
2026-08-31 12:09:14.814 [info] Unable to load library file:///home/arizaikhlas01/persona_secure/node_modules/@types/https:/package.json at /google/devshell/editor/code-oss-for-cloud-shell/extensions/node_modules/typescript/lib/file:/home/arizaikhlas01/persona_secure/node_modules/@types/https:/package.json
2026-08-31 12:09:14.816 [info] Unable to load library file:///home/arizaikhlas01/node_modules/@types/https:/package.json at /google/devshell/editor/code-oss-for-cloud-shell/extensions/node_modules/typescript/lib/file:/home/arizaikhlas01/node_modules/@types/https:/package.json
2026-08-31 12:09:14.817 [info] Unable to load library file:///home/node_modules/@types/https:/package.json at /google/devshell/editor/code-oss-for-cloud-shell/extensions/node_modules/typescript/lib/file:/home/node_modules/@types/https:/package.json
2026-08-31 12:09:14.818 [info] Unable to load library file:///node_modules/@types/https:/package.json at /google/devshell/editor/code-oss-for-cloud-shell/extensions/node_modules/typescript/lib/file:/node_modules/@types/https:/package.json
2026-08-31 12:09:14.819 [info] Unable to load library https://www.gstatic.com/firebasejs/10.8.0/firebase-app.js at /google/devshell/editor/code-oss-for-cloud-shell/extensions/node_modules/typescript/lib/https:/www.gstatic.com/firebasejs/10.8.0/firebase-app.js
2026-08-31 12:09:14.820 [info] Unable to load library https://www.gstatic.com/firebasejs/10.8.0/firebase-app.jsx at /google/devshell/editor/code-oss-for-cloud-shell/extensions/node_modules/typescript/lib/https:/www.gstatic.com/firebasejs/10.8.0/firebase-app.jsx
2026-08-31 12:09:14.821 [info] Unable to load library https://www.gstatic.com/firebasejs/10.8.0/firebase-app.js.js at /google/devshell/editor/code-oss-for-cloud-shell/extensions/node_modules/typescript/lib/https:/www.gstatic.com/firebasejs/10.8.0/firebase-app.js.js
2026-08-31 12:09:14.823 [info] Unable to load library https://www.gstatic.com/firebasejs/10.8.0/firebase-app.js.jsx at /google/devshell/editor/code-oss-for-cloud-shell/extensions/node_modules/typescript/lib/https:/www.gstatic.com/firebasejs/10.8.0/firebase-app.js.jsx
2026-08-31 12:09:14.824 [info] Unable to load library https://www.gstatic.com/firebasejs/10.8.0/firebase-auth.ts at /google/devshell/editor/code-oss-for-cloud-shell/extensions/node_modules/typescript/lib/https:/www.gstatic.com/firebasejs/10.8.0/firebase-auth.ts
2026-08-31 12:09:14.825 [info] Unable to load library https://www.gstatic.com/firebasejs/10.8.0/firebase-auth.tsx at /google/devshell/editor/code-oss-for-cloud-shell/extensions/node_modules/typescript/lib/https:/www.gstatic.com/firebasejs/10.8.0/firebase-auth.tsx
2026-08-31 12:09:14.826 [info] Unable to load library https://www.gstatic.com/firebasejs/10.8.0/firebase-auth.d.ts at /google/devshell/editor/code-oss-for-cloud-shell/extensions/node_modules/typescript/lib/https:/www.gstatic.com/firebasejs/10.8.0/firebase-auth.d.ts
2026-08-31 12:09:14.828 [info] Unable to load library https://www.gstatic.com/firebasejs/10.8.0/firebase-auth.js.ts at /google/devshell/editor/code-oss-for-cloud-shell/extensions/node_modules/typescript/lib/https:/www.gstatic.com/firebasejs/10.8.0/firebase-auth.js.ts
2026-08-31 12:09:14.830 [info] Unable to load library https://www.gstatic.com/firebasejs/10.8.0/firebase-auth.js.tsx at /google/devshell/editor/code-oss-for-cloud-shell/extensions/node_modules/typescript/lib/https:/www.gstatic.com/firebasejs/10.8.0/firebase-auth.js.tsx
2026-08-31 12:09:14.831 [info] Unable to load library https://www.gstatic.com/firebasejs/10.8.0/firebase-auth.js.d.ts at /google/devshell/editor/code-oss-for-cloud-shell/extensions/node_modules/typescript/lib/https:/www.gstatic.com/firebasejs/10.8.0/firebase-auth.js.d.ts
2026-08-31 12:09:14.834 [info] Unable to load library https://www.gstatic.com/firebasejs/10.8.0/firebase-auth.js/package.json at /google/devshell/editor/code-oss-for-cloud-shell/extensions/node_modules/typescript/lib/https:/www.gstatic.com/firebasejs/10.8.0/firebase-auth.js/package.json
2026-08-31 12:09:14.842 [info] Unable to load library https://www.gstatic.com/firebasejs/10.8.0/firebase-auth.js/index.d.ts at /google/devshell/editor/code-oss-for-cloud-shell/extensions/node_modules/typescript/lib/https:/www.gstatic.com/firebasejs/10.8.0/firebase-auth.js/index.d.ts
2026-08-31 12:09:14.844 [info] Unable to load library https://www.gstatic.com/firebasejs/10.8.0/firebase-auth.js at /google/devshell/editor/code-oss-for-cloud-shell/extensions/node_modules/typescript/lib/https:/www.gstatic.com/firebasejs/10.8.0/firebase-auth.js
2026-08-31 12:09:14.845 [info] Unable to load library https://www.gstatic.com/firebasejs/10.8.0/firebase-auth.jsx at /google/devshell/editor/code-oss-for-cloud-shell/extensions/node_modules/typescript/lib/https:/www.gstatic.com/firebasejs/10.8.0/firebase-auth.jsx
2026-08-31 12:09:14.847 [info] Unable to load library https://www.gstatic.com/firebasejs/10.8.0/firebase-auth.js.js at /google/devshell/editor/code-oss-for-cloud-shell/extensions/node_modules/typescript/lib/https:/www.gstatic.com/firebasejs/10.8.0/firebase-auth.js.js
2026-08-31 12:09:14.848 [info] Unable to load library https://www.gstatic.com/firebasejs/10.8.0/firebase-auth.js.jsx at /google/devshell/editor/code-oss-for-cloud-shell/extensions/node_modules/typescript/lib/https:/www.gstatic.com/firebasejs/10.8.0/firebase-auth.js.jsx
2026-08-31 12:09:14.849 [info] Unable to load library https://www.gstatic.com/firebasejs/10.8.0/firebase-firestore.ts at /google/devshell/editor/code-oss-for-cloud-shell/extensions/node_modules/typescript/lib/https:/www.gstatic.com/firebasejs/10.8.0/firebase-firestore.ts
2026-08-31 12:09:14.851 [info] Unable to load library https://www.gstatic.com/firebasejs/10.8.0/firebase-firestore.tsx at /google/devshell/editor/code-oss-for-cloud-shell/extensions/node_modules/typescript/lib/https:/www.gstatic.com/firebasejs/10.8.0/firebase-firestore.tsx
2026-08-31 12:09:14.855 [info] Unable to load library https://www.gstatic.com/firebasejs/10.8.0/firebase-firestore.d.ts at /google/devshell/editor/code-oss-for-cloud-shell/extensions/node_modules/typescript/lib/https:/www.gstatic.com/firebasejs/10.8.0/firebase-firestore.d.ts
2026-08-31 12:09:14.858 [info] Unable to load library https://www.gstatic.com/firebasejs/10.8.0/firebase-firestore.js.ts at /google/devshell/editor/code-oss-for-cloud-shell/extensions/node_modules/typescript/lib/https:/www.gstatic.com/firebasejs/10.8.0/firebase-firestore.js.ts
2026-08-31 12:09:14.859 [info] Unable to load library https://www.gstatic.com/firebasejs/10.8.0/firebase-firestore.js.tsx at /google/devshell/editor/code-oss-for-cloud-shell/extensions/node_modules/typescript/lib/https:/www.gstatic.com/firebasejs/10.8.0/firebase-firestore.js.tsx
2026-08-31 12:09:14.862 [info] Unable to load library https://www.gstatic.com/firebasejs/10.8.0/firebase-firestore.js.d.ts at /google/devshell/editor/code-oss-for-cloud-shell/extensions/node_modules/typescript/lib/https:/www.gstatic.com/firebasejs/10.8.0/firebase-firestore.js.d.ts
2026-08-31 12:09:14.864 [info] Unable to load library https://www.gstatic.com/firebasejs/10.8.0/firebase-firestore.js/package.json at /google/devshell/editor/code-oss-for-cloud-shell/extensions/node_modules/typescript/lib/https:/www.gstatic.com/firebasejs/10.8.0/firebase-firestore.js/package.json
2026-08-31 12:09:14.868 [info] Unable to load library https://www.gstatic.com/firebasejs/10.8.0/firebase-firestore.js/index.d.ts at /google/devshell/editor/code-oss-for-cloud-shell/extensions/node_modules/typescript/lib/https:/www.gstatic.com/firebasejs/10.8.0/firebase-firestore.js/index.d.ts
2026-08-31 12:09:14.874 [info] Unable to load library https://www.gstatic.com/firebasejs/10.8.0/firebase-firestore.js at /google/devshell/editor/code-oss-for-cloud-shell/extensions/node_modules/typescript/lib/https:/www.gstatic.com/firebasejs/10.8.0/firebase-firestore.js
2026-08-31 12:09:14.878 [info] Unable to load library https://www.gstatic.com/firebasejs/10.8.0/firebase-firestore.jsx at /google/devshell/editor/code-oss-for-cloud-shell/extensions/node_modules/typescript/lib/https:/www.gstatic.com/firebasejs/10.8.0/firebase-firestore.jsx
2026-08-31 12:09:14.880 [info] Unable to load library https://www.gstatic.com/firebasejs/10.8.0/firebase-firestore.js.js at /google/devshell/editor/code-oss-for-cloud-shell/extensions/node_modules/typescript/lib/https:/www.gstatic.com/firebasejs/10.8.0/firebase-firestore.js.js
2026-08-31 12:09:14.884 [info] Unable to load library https://www.gstatic.com/firebasejs/10.8.0/firebase-firestore.js.jsx at /google/devshell/editor/code-oss-for-cloud-shell/extensions/node_modules/typescript/lib/https:/www.gstatic.com/firebasejs/10.8.0/firebase-firestore.js.jsx
