2026-08-31 09:58:56.018 [info] Unable to load library https://www.gstatic.com/firebasejs/10.8.0/firebase-app.ts at /google/devshell/editor/code-oss-for-cloud-shell/extensions/node_modules/typescript/lib/https:/www.gstatic.com/firebasejs/10.8.0/firebase-app.ts
2026-08-31 09:58:56.019 [info] Unable to load library https://www.gstatic.com/firebasejs/10.8.0/firebase-app.tsx at /google/devshell/editor/code-oss-for-cloud-shell/extensions/node_modules/typescript/lib/https:/www.gstatic.com/firebasejs/10.8.0/firebase-app.tsx
2026-08-31 09:58:56.019 [info] Unable to load library https://www.gstatic.com/firebasejs/10.8.0/firebase-app.d.ts at /google/devshell/editor/code-oss-for-cloud-shell/extensions/node_modules/typescript/lib/https:/www.gstatic.com/firebasejs/10.8.0/firebase-app.d.ts
2026-08-31 09:58:56.019 [info] Unable to load library https://www.gstatic.com/firebasejs/10.8.0/firebase-app.js.ts at /google/devshell/editor/code-oss-for-cloud-shell/extensions/node_modules/typescript/lib/https:/www.gstatic.com/firebasejs/10.8.0/firebase-app.js.ts
2026-08-31 09:58:56.019 [info] Unable to load library https://www.gstatic.com/firebasejs/10.8.0/firebase-app.js.tsx at /google/devshell/editor/code-oss-for-cloud-shell/extensions/node_modules/typescript/lib/https:/www.gstatic.com/firebasejs/10.8.0/firebase-app.js.tsx
2026-08-31 09:58:56.019 [info] Unable to load library https://www.gstatic.com/firebasejs/10.8.0/firebase-app.js.d.ts at /google/devshell/editor/code-oss-for-cloud-shell/extensions/node_modules/typescript/lib/https:/www.gstatic.com/firebasejs/10.8.0/firebase-app.js.d.ts
2026-08-31 09:58:56.022 [info] Unable to load library https://www.gstatic.com/firebasejs/10.8.0/firebase-app.js/package.json at /google/devshell/editor/code-oss-for-cloud-shell/extensions/node_modules/typescript/lib/https:/www.gstatic.com/firebasejs/10.8.0/firebase-app.js/package.json
2026-08-31 09:58:56.022 [info] Unable to load library file:///home/arizaikhlas01/persona_secure/public/node_modules/@types/https:/package.json at /google/devshell/editor/code-oss-for-cloud-shell/extensions/node_modules/typescript/lib/file:/home/arizaikhlas01/persona_secure/public/node_modules/@types/https:/package.json
2026-08-31 09:58:56.023 [info] Unable to load library https://www.gstatic.com/firebasejs/10.8.0/firebase-app.js/index.d.ts at /google/devshell/editor/code-oss-for-cloud-shell/extensions/node_modules/typescript/lib/https:/www.gstatic.com/firebasejs/10.8.0/firebase-app.js/index.d.ts
2026-08-31 09:58:56.023 [info] Unable to load library file:///home/arizaikhlas01/persona_secure/node_modules/@types/https:/package.json at /google/devshell/editor/code-oss-for-cloud-shell/extensions/node_modules/typescript/lib/file:/home/arizaikhlas01/persona_secure/node_modules/@types/https:/package.json
2026-08-31 09:58:56.024 [info] Unable to load library file:///home/arizaikhlas01/node_modules/@types/https:/package.json at /google/devshell/editor/code-oss-for-cloud-shell/extensions/node_modules/typescript/lib/file:/home/arizaikhlas01/node_modules/@types/https:/package.json
2026-08-31 09:58:56.025 [info] Unable to load library file:///home/node_modules/@types/https:/package.json at /google/devshell/editor/code-oss-for-cloud-shell/extensions/node_modules/typescript/lib/file:/home/node_modules/@types/https:/package.json
2026-08-31 09:58:56.025 [info] Unable to load library file:///node_modules/@types/https:/package.json at /google/devshell/editor/code-oss-for-cloud-shell/extensions/node_modules/typescript/lib/file:/node_modules/@types/https:/package.json
2026-08-31 09:58:56.026 [info] Unable to load library https://www.gstatic.com/firebasejs/10.8.0/firebase-app.js at /google/devshell/editor/code-oss-for-cloud-shell/extensions/node_modules/typescript/lib/https:/www.gstatic.com/firebasejs/10.8.0/firebase-app.js
2026-08-31 09:58:56.026 [info] Unable to load library https://www.gstatic.com/firebasejs/10.8.0/firebase-app.jsx at /google/devshell/editor/code-oss-for-cloud-shell/extensions/node_modules/typescript/lib/https:/www.gstatic.com/firebasejs/10.8.0/firebase-app.jsx
2026-08-31 09:58:56.026 [info] Unable to load library https://www.gstatic.com/firebasejs/10.8.0/firebase-app.js.js at /google/devshell/editor/code-oss-for-cloud-shell/extensions/node_modules/typescript/lib/https:/www.gstatic.com/firebasejs/10.8.0/firebase-app.js.js
2026-08-31 09:58:56.026 [info] Unable to load library https://www.gstatic.com/firebasejs/10.8.0/firebase-app.js.jsx at /google/devshell/editor/code-oss-for-cloud-shell/extensions/node_modules/typescript/lib/https:/www.gstatic.com/firebasejs/10.8.0/firebase-app.js.jsx
2026-08-31 09:58:56.028 [info] Unable to load library https://www.gstatic.com/firebasejs/10.8.0/firebase-auth.ts at /google/devshell/editor/code-oss-for-cloud-shell/extensions/node_modules/typescript/lib/https:/www.gstatic.com/firebasejs/10.8.0/firebase-auth.ts
2026-08-31 09:58:56.028 [info] Unable to load library https://www.gstatic.com/firebasejs/10.8.0/firebase-auth.tsx at /google/devshell/editor/code-oss-for-cloud-shell/extensions/node_modules/typescript/lib/https:/www.gstatic.com/firebasejs/10.8.0/firebase-auth.tsx
2026-08-31 09:58:56.029 [info] Unable to load library https://www.gstatic.com/firebasejs/10.8.0/firebase-auth.d.ts at /google/devshell/editor/code-oss-for-cloud-shell/extensions/node_modules/typescript/lib/https:/www.gstatic.com/firebasejs/10.8.0/firebase-auth.d.ts
2026-08-31 09:58:56.029 [info] Unable to load library https://www.gstatic.com/firebasejs/10.8.0/firebase-auth.js.ts at /google/devshell/editor/code-oss-for-cloud-shell/extensions/node_modules/typescript/lib/https:/www.gstatic.com/firebasejs/10.8.0/firebase-auth.js.ts
2026-08-31 09:58:56.029 [info] Unable to load library https://www.gstatic.com/firebasejs/10.8.0/firebase-auth.js.tsx at /google/devshell/editor/code-oss-for-cloud-shell/extensions/node_modules/typescript/lib/https:/www.gstatic.com/firebasejs/10.8.0/firebase-auth.js.tsx
2026-08-31 09:58:56.029 [info] Unable to load library https://www.gstatic.com/firebasejs/10.8.0/firebase-auth.js.d.ts at /google/devshell/editor/code-oss-for-cloud-shell/extensions/node_modules/typescript/lib/https:/www.gstatic.com/firebasejs/10.8.0/firebase-auth.js.d.ts
2026-08-31 09:58:56.031 [info] Unable to load library https://www.gstatic.com/firebasejs/10.8.0/firebase-auth.js/package.json at /google/devshell/editor/code-oss-for-cloud-shell/extensions/node_modules/typescript/lib/https:/www.gstatic.com/firebasejs/10.8.0/firebase-auth.js/package.json
2026-08-31 09:58:56.032 [info] Unable to load library https://www.gstatic.com/firebasejs/10.8.0/firebase-auth.js/index.d.ts at /google/devshell/editor/code-oss-for-cloud-shell/extensions/node_modules/typescript/lib/https:/www.gstatic.com/firebasejs/10.8.0/firebase-auth.js/index.d.ts
2026-08-31 09:58:56.033 [info] Unable to load library https://www.gstatic.com/firebasejs/10.8.0/firebase-auth.js at /google/devshell/editor/code-oss-for-cloud-shell/extensions/node_modules/typescript/lib/https:/www.gstatic.com/firebasejs/10.8.0/firebase-auth.js
2026-08-31 09:58:56.033 [info] Unable to load library https://www.gstatic.com/firebasejs/10.8.0/firebase-auth.jsx at /google/devshell/editor/code-oss-for-cloud-shell/extensions/node_modules/typescript/lib/https:/www.gstatic.com/firebasejs/10.8.0/firebase-auth.jsx
2026-08-31 09:58:56.033 [info] Unable to load library https://www.gstatic.com/firebasejs/10.8.0/firebase-auth.js.js at /google/devshell/editor/code-oss-for-cloud-shell/extensions/node_modules/typescript/lib/https:/www.gstatic.com/firebasejs/10.8.0/firebase-auth.js.js
2026-08-31 09:58:56.033 [info] Unable to load library https://www.gstatic.com/firebasejs/10.8.0/firebase-auth.js.jsx at /google/devshell/editor/code-oss-for-cloud-shell/extensions/node_modules/typescript/lib/https:/www.gstatic.com/firebasejs/10.8.0/firebase-auth.js.jsx
2026-08-31 09:58:56.034 [info] Unable to load library https://www.gstatic.com/firebasejs/10.8.0/firebase-firestore.ts at /google/devshell/editor/code-oss-for-cloud-shell/extensions/node_modules/typescript/lib/https:/www.gstatic.com/firebasejs/10.8.0/firebase-firestore.ts
2026-08-31 09:58:56.034 [info] Unable to load library https://www.gstatic.com/firebasejs/10.8.0/firebase-firestore.tsx at /google/devshell/editor/code-oss-for-cloud-shell/extensions/node_modules/typescript/lib/https:/www.gstatic.com/firebasejs/10.8.0/firebase-firestore.tsx
2026-08-31 09:58:56.034 [info] Unable to load library https://www.gstatic.com/firebasejs/10.8.0/firebase-firestore.d.ts at /google/devshell/editor/code-oss-for-cloud-shell/extensions/node_modules/typescript/lib/https:/www.gstatic.com/firebasejs/10.8.0/firebase-firestore.d.ts
2026-08-31 09:58:56.034 [info] Unable to load library https://www.gstatic.com/firebasejs/10.8.0/firebase-firestore.js.ts at /google/devshell/editor/code-oss-for-cloud-shell/extensions/node_modules/typescript/lib/https:/www.gstatic.com/firebasejs/10.8.0/firebase-firestore.js.ts
2026-08-31 09:58:56.034 [info] Unable to load library https://www.gstatic.com/firebasejs/10.8.0/firebase-firestore.js.tsx at /google/devshell/editor/code-oss-for-cloud-shell/extensions/node_modules/typescript/lib/https:/www.gstatic.com/firebasejs/10.8.0/firebase-firestore.js.tsx
2026-08-31 09:58:56.035 [info] Unable to load library https://www.gstatic.com/firebasejs/10.8.0/firebase-firestore.js.d.ts at /google/devshell/editor/code-oss-for-cloud-shell/extensions/node_modules/typescript/lib/https:/www.gstatic.com/firebasejs/10.8.0/firebase-firestore.js.d.ts
2026-08-31 09:58:56.035 [info] Unable to load library https://www.gstatic.com/firebasejs/10.8.0/firebase-firestore.js/package.json at /google/devshell/editor/code-oss-for-cloud-shell/extensions/node_modules/typescript/lib/https:/www.gstatic.com/firebasejs/10.8.0/firebase-firestore.js/package.json
2026-08-31 09:58:56.036 [info] Unable to load library https://www.gstatic.com/firebasejs/10.8.0/firebase-firestore.js/index.d.ts at /google/devshell/editor/code-oss-for-cloud-shell/extensions/node_modules/typescript/lib/https:/www.gstatic.com/firebasejs/10.8.0/firebase-firestore.js/index.d.ts
2026-08-31 09:58:56.036 [info] Unable to load library https://www.gstatic.com/firebasejs/10.8.0/firebase-firestore.js at /google/devshell/editor/code-oss-for-cloud-shell/extensions/node_modules/typescript/lib/https:/www.gstatic.com/firebasejs/10.8.0/firebase-firestore.js
2026-08-31 09:58:56.036 [info] Unable to load library https://www.gstatic.com/firebasejs/10.8.0/firebase-firestore.jsx at /google/devshell/editor/code-oss-for-cloud-shell/extensions/node_modules/typescript/lib/https:/www.gstatic.com/firebasejs/10.8.0/firebase-firestore.jsx
2026-08-31 09:58:56.037 [info] Unable to load library https://www.gstatic.com/firebasejs/10.8.0/firebase-firestore.js.js at /google/devshell/editor/code-oss-for-cloud-shell/extensions/node_modules/typescript/lib/https:/www.gstatic.com/firebasejs/10.8.0/firebase-firestore.js.js
2026-08-31 09:58:56.037 [info] Unable to load library https://www.gstatic.com/firebasejs/10.8.0/firebase-firestore.js.jsx at /google/devshell/editor/code-oss-for-cloud-shell/extensions/node_modules/typescript/lib/https:/www.gstatic.com/firebasejs/10.8.0/firebase-firestore.js.jsx
2026-08-31 12:07:47.851 [error] Request textDocument/documentColor failed.
Error: Starting server failed
    at Bb.$start (/google/devshell/editor/code-oss-for-cloud-shell/extensions/html-language-features/client/dist/node/htmlClientMain.js:16:10999)
    at processTicksAndRejections (node:internal/process/task_queues:104:5)
    at Bb.sendRequest (/google/devshell/editor/code-oss-for-cloud-shell/extensions/html-language-features/client/dist/node/htmlClientMain.js:12:136634)
    at Fk.provideColors (file:///google/devshell/editor/code-oss-for-cloud-shell/out/vs/workbench/api/node/extensionHostProcess.js:154:147508)
