Initializing document watcher...
Document watcher initialized
arizaikhlas01/data-agent/agent.py: {"tabSize":4,"indentSize":4,"insertSpaces":true,"cursorStyle":1,"lineNumbers":1}
arizaikhlas01/data-agent/agent.py: Using EditorConfig core...
data-agent/agent.py: Target charset is not set
arizaikhlas01/data-agent/agent.py: {"tabSize":4,"indentSize":4,"insertSpaces":true,"cursorStyle":1,"lineNumbers":1}
arizaikhlas01/data-agent/agent.py: Using EditorConfig core...
arizaikhlas01/data-agent/agent.py: Using EditorConfig core...
data-agent/agent.py: Target charset is not set
arizaikhlas01/data-agent/agent.py: {"tabSize":4,"indentSize":4,"insertSpaces":true,"cursorStyle":1,"lineNumbers":1}
arizaikhlas01/data-agent/agent.py: {"tabSize":4,"indentSize":4,"insertSpaces":true,"cursorStyle":1,"lineNumbers":1}
arizaikhlas01/data-agent/agent.py: {"tabSize":4,"indentSize":4,"insertSpaces":true,"cursorStyle":1,"lineNumbers":1}
arizaikhlas01/data-agent/agent.py: {"tabSize":4,"indentSize":4,"insertSpaces":true,"cursorStyle":1,"lineNumbers":1}
arizaikhlas01/data-agent/agent.py: Using EditorConfig core...
arizaikhlas01/data-agent/agent.py: Using EditorConfig core...
data-agent/agent.py: Target charset is not set
arizaikhlas01/data-agent/agent.py: Using EditorConfig core...
arizaikhlas01/data-agent/agent.py: Using EditorConfig core...
data-agent/agent.py: Target charset is not set
arizaikhlas01/data-agent/agent.py: {"tabSize":4,"indentSize":4,"insertSpaces":true,"cursorStyle":1,"lineNumbers":1}
arizaikhlas01/data-agent/agent.py: Using EditorConfig core...
arizaikhlas01/data-agent/agent.py: Using EditorConfig core...
data-agent/agent.py: Target charset is not set
arizaikhlas01/data-agent/agent.py: Using EditorConfig core...
arizaikhlas01/data-agent/agent.py: Using EditorConfig core...
data-agent/agent.py: Target charset is not set
arizaikhlas01/data-agent/agent.py: {"tabSize":4,"indentSize":4,"insertSpaces":true,"cursorStyle":1,"lineNumbers":1}
arizaikhlas01/data-agent/agent.py: {"tabSize":4,"indentSize":4,"insertSpaces":true,"cursorStyle":1,"lineNumbers":1}
arizaikhlas01/data-agent/agent.py: {"tabSize":4,"indentSize":4,"insertSpaces":true,"cursorStyle":1,"lineNumbers":1}
arizaikhlas01/data-agent/agent.py: Using EditorConfig core...
arizaikhlas01/data-agent/agent.py: Using EditorConfig core...
data-agent/agent.py: Target charset is not set
arizaikhlas01/data-agent/agent.py: Using EditorConfig core...
arizaikhlas01/data-agent/agent.py: Using EditorConfig core...
data-agent/agent.py: Target charset is not set
arizaikhlas01/data-agent/agent.py: {"tabSize":4,"indentSize":4,"insertSpaces":true,"cursorStyle":1,"lineNumbers":1}
arizaikhlas01/data-agent/agent.py: Using EditorConfig core...
arizaikhlas01/data-agent/agent.py: Using EditorConfig core...
data-agent/agent.py: Target charset is not set
arizaikhlas01/data-agent/agent.py: {"tabSize":4,"indentSize":4,"insertSpaces":true,"cursorStyle":1,"lineNumbers":1}
arizaikhlas01/data-agent/agent.py: {"tabSize":4,"indentSize":4,"insertSpaces":true,"cursorStyle":1,"lineNumbers":1}
arizaikhlas01/data-agent/agent.py: {"tabSize":4,"indentSize":4,"insertSpaces":true,"cursorStyle":1,"lineNumbers":1}
arizaikhlas01/data-agent/agent.py: Using EditorConfig core...
arizaikhlas01/data-agent/agent.py: Using EditorConfig core...
data-agent/agent.py: Target charset is not set
arizaikhlas01/data-agent/agent.py: Using EditorConfig core...
arizaikhlas01/data-agent/agent.py: Using EditorConfig core...
data-agent/agent.py: Target charset is not set
arizaikhlas01/data-agent/agent.py: Using EditorConfig core...
arizaikhlas01/data-agent/agent.py: Using EditorConfig core...
data-agent/agent.py: Target charset is not set
arizaikhlas01/data-agent/agent.py: Using EditorConfig core...
arizaikhlas01/data-agent/agent.py: Using EditorConfig core...
data-agent/agent.py: Target charset is not set
arizaikhlas01/data-agent/agent.py: Using EditorConfig core...
arizaikhlas01/data-agent/agent.py: Using EditorConfig core...
data-agent/agent.py: Target charset is not set
arizaikhlas01/data-agent/agent.py: {"tabSize":4,"indentSize":4,"insertSpaces":true,"cursorStyle":1,"lineNumbers":1}
arizaikhlas01/data-agent/agent.py: {"tabSize":4,"indentSize":4,"insertSpaces":true,"cursorStyle":1,"lineNumbers":1}
arizaikhlas01/data-agent/agent.py: {"tabSize":4,"indentSize":4,"insertSpaces":true,"cursorStyle":1,"lineNumbers":1}
arizaikhlas01/data-agent/agent.py: {"tabSize":4,"indentSize":4,"insertSpaces":true,"cursorStyle":1,"lineNumbers":1}
arizaikhlas01/data-agent/agent.py: {"tabSize":4,"indentSize":4,"insertSpaces":true,"cursorStyle":1,"lineNumbers":1}
arizaikhlas01/data-agent/agent.py: {"tabSize":4,"indentSize":4,"insertSpaces":true,"cursorStyle":1,"lineNumbers":1}
arizaikhlas01/data-agent/agent.py: {"tabSize":4,"indentSize":4,"insertSpaces":true,"cursorStyle":1,"lineNumbers":1}
arizaikhlas01/data-agent/agent.py: {"tabSize":4,"indentSize":4,"insertSpaces":true,"cursorStyle":1,"lineNumbers":1}
arizaikhlas01/data-agent/agent.py: Using EditorConfig core...
arizaikhlas01/data-agent/agent.py: Using EditorConfig core...
data-agent/agent.py: Target charset is not set
arizaikhlas01/data-agent/agent.py: {"tabSize":4,"indentSize":4,"insertSpaces":true,"cursorStyle":1,"lineNumbers":1}
arizaikhlas01/data-agent/agent.py: {"tabSize":4,"indentSize":4,"insertSpaces":true,"cursorStyle":1,"lineNumbers":1}
arizaikhlas01/data-agent/agent.py: {"tabSize":4,"indentSize":4,"insertSpaces":true,"cursorStyle":1,"lineNumbers":1}
arizaikhlas01/data-agent/agent.py: Using EditorConfig core...
arizaikhlas01/data-agent/agent.py: Using EditorConfig core...
data-agent/agent.py: Target charset is not set
arizaikhlas01/data-agent/agent.py: Using EditorConfig core...
arizaikhlas01/data-agent/agent.py: Using EditorConfig core...
data-agent/agent.py: Target charset is not set
arizaikhlas01/data-agent/agent.py: {"tabSize":4,"indentSize":4,"insertSpaces":true,"cursorStyle":1,"lineNumbers":1}
arizaikhlas01/data-agent/agent.py: Using EditorConfig core...
arizaikhlas01/data-agent/agent.py: Using EditorConfig core...
data-agent/agent.py: Target charset is not set
arizaikhlas01/data-agent/agent.py: {"tabSize":4,"indentSize":4,"insertSpaces":true,"cursorStyle":1,"lineNumbers":1}
arizaikhlas01/data-agent/agent.py: {"tabSize":4,"indentSize":4,"insertSpaces":true,"cursorStyle":1,"lineNumbers":1}
arizaikhlas01/data-agent/agent.py: Using EditorConfig core...
arizaikhlas01/data-agent/agent.py: Using EditorConfig core...
data-agent/agent.py: Target charset is not set
arizaikhlas01/data-agent/agent.py: Using EditorConfig core...
arizaikhlas01/data-agent/agent.py: Using EditorConfig core...
data-agent/agent.py: Target charset is not set
arizaikhlas01/data-agent/agent.py: {"tabSize":4,"indentSize":4,"insertSpaces":true,"cursorStyle":1,"lineNumbers":1}
arizaikhlas01/data-agent/agent.py: {"tabSize":4,"indentSize":4,"insertSpaces":true,"cursorStyle":1,"lineNumbers":1}
arizaikhlas01/data-agent/agent.py: Using EditorConfig core...
arizaikhlas01/data-agent/agent.py: Using EditorConfig core...
data-agent/agent.py: Target charset is not set
arizaikhlas01/data-agent/agent.py: Using EditorConfig core...
arizaikhlas01/data-agent/agent.py: Using EditorConfig core...
data-agent/agent.py: Target charset is not set
arizaikhlas01/data-agent/agent.py: {"tabSize":4,"indentSize":4,"insertSpaces":true,"cursorStyle":1,"lineNumbers":1}
arizaikhlas01/data-agent/agent.py: {"tabSize":4,"indentSize":4,"insertSpaces":true,"cursorStyle":1,"lineNumbers":1}
arizaikhlas01/data-agent/agent.py: Using EditorConfig core...
arizaikhlas01/data-agent/agent.py: Using EditorConfig core...
data-agent/agent.py: Target charset is not set
arizaikhlas01/data-agent/agent.py: Using EditorConfig core...
arizaikhlas01/data-agent/agent.py: Using EditorConfig core...
data-agent/agent.py: Target charset is not set
arizaikhlas01/data-agent/agent.py: {"tabSize":4,"indentSize":4,"insertSpaces":true,"cursorStyle":1,"lineNumbers":1}
arizaikhlas01/data-agent/agent.py: Using EditorConfig core...
arizaikhlas01/data-agent/agent.py: Using EditorConfig core...
data-agent/agent.py: Target charset is not set
arizaikhlas01/data-agent/agent.py: Using EditorConfig core...
arizaikhlas01/data-agent/agent.py: Using EditorConfig core...
data-agent/agent.py: Target charset is not set
arizaikhlas01/data-agent/agent.py: Using EditorConfig core...
arizaikhlas01/data-agent/agent.py: Using EditorConfig core...
data-agent/agent.py: Target charset is not set
arizaikhlas01/data-agent/agent.py: Using EditorConfig core...
arizaikhlas01/data-agent/agent.py: Using EditorConfig core...
data-agent/agent.py: Target charset is not set
arizaikhlas01/data-agent/agent.py: Using EditorConfig core...
arizaikhlas01/data-agent/agent.py: Using EditorConfig core...
data-agent/agent.py: Target charset is not set
arizaikhlas01/data-agent/agent.py: {"tabSize":4,"indentSize":4,"insertSpaces":true,"cursorStyle":1,"lineNumbers":1}
arizaikhlas01/data-agent/agent.py: {"tabSize":4,"indentSize":4,"insertSpaces":true,"cursorStyle":1,"lineNumbers":1}
arizaikhlas01/data-agent/agent.py: {"tabSize":4,"indentSize":4,"insertSpaces":true,"cursorStyle":1,"lineNumbers":1}
arizaikhlas01/data-agent/agent.py: Using EditorConfig core...
arizaikhlas01/data-agent/agent.py: Using EditorConfig core...
data-agent/agent.py: Target charset is not set
arizaikhlas01/data-agent/agent.py: Using EditorConfig core...
arizaikhlas01/data-agent/agent.py: Using EditorConfig core...
data-agent/agent.py: Target charset is not set
arizaikhlas01/data-agent/agent.py: {"tabSize":4,"indentSize":4,"insertSpaces":true,"cursorStyle":1,"lineNumbers":1}
arizaikhlas01/data-agent/agent.py: {"tabSize":4,"indentSize":4,"insertSpaces":true,"cursorStyle":1,"lineNumbers":1}
arizaikhlas01/data-agent/agent.py: {"tabSize":4,"indentSize":4,"insertSpaces":true,"cursorStyle":1,"lineNumbers":1}
arizaikhlas01/data-agent/agent.py: Using EditorConfig core...
arizaikhlas01/data-agent/agent.py: Using EditorConfig core...
data-agent/agent.py: Target charset is not set
arizaikhlas01/data-agent/agent.py: Using EditorConfig core...
arizaikhlas01/data-agent/agent.py: Using EditorConfig core...
data-agent/agent.py: Target charset is not set
arizaikhlas01/data-agent/agent.py: Using EditorConfig core...
arizaikhlas01/data-agent/agent.py: Using EditorConfig core...
data-agent/agent.py: Target charset is not set
arizaikhlas01/data-agent/agent.py: {"tabSize":4,"indentSize":4,"insertSpaces":true,"cursorStyle":1,"lineNumbers":1}
arizaikhlas01/data-agent/agent.py: {"tabSize":4,"indentSize":4,"insertSpaces":true,"cursorStyle":1,"lineNumbers":1}
arizaikhlas01/data-agent/agent.py: Using EditorConfig core...
arizaikhlas01/data-agent/agent.py: Using EditorConfig core...
data-agent/agent.py: Target charset is not set
arizaikhlas01/data-agent/agent.py: {"tabSize":4,"indentSize":4,"insertSpaces":true,"cursorStyle":1,"lineNumbers":1}
arizaikhlas01/data-agent/agent.py: {"tabSize":4,"indentSize":4,"insertSpaces":true,"cursorStyle":1,"lineNumbers":1}
arizaikhlas01/data-agent/agent.py: {"tabSize":4,"indentSize":4,"insertSpaces":true,"cursorStyle":1,"lineNumbers":1}
arizaikhlas01/data-agent/agent.py: Using EditorConfig core...
arizaikhlas01/data-agent/agent.py: Using EditorConfig core...
data-agent/agent.py: Target charset is not set
arizaikhlas01/data-agent/agent.py: {"tabSize":4,"indentSize":4,"insertSpaces":true,"cursorStyle":1,"lineNumbers":1}
arizaikhlas01/data-agent/agent.py: {"tabSize":4,"indentSize":4,"insertSpaces":true,"cursorStyle":1,"lineNumbers":1}
arizaikhlas01/data-agent/agent.py: {"tabSize":4,"indentSize":4,"insertSpaces":true,"cursorStyle":1,"lineNumbers":1}
arizaikhlas01/data-agent/agent.py: Using EditorConfig core...
arizaikhlas01/data-agent/agent.py: Using EditorConfig core...
data-agent/agent.py: Target charset is not set
arizaikhlas01/data-agent/agent.py: {"tabSize":4,"indentSize":4,"insertSpaces":true,"cursorStyle":1,"lineNumbers":1}
arizaikhlas01/data-agent/agent.py: {"tabSize":4,"indentSize":4,"insertSpaces":true,"cursorStyle":1,"lineNumbers":1}
arizaikhlas01/data-agent/agent.py: {"tabSize":4,"indentSize":4,"insertSpaces":true,"cursorStyle":1,"lineNumbers":1}
arizaikhlas01/data-agent/agent.py: Using EditorConfig core...
arizaikhlas01/data-agent/agent.py: Using EditorConfig core...
data-agent/agent.py: Target charset is not set
arizaikhlas01/data-agent/agent.py: Using EditorConfig core...
arizaikhlas01/data-agent/agent.py: Using EditorConfig core...
data-agent/agent.py: Target charset is not set
arizaikhlas01/data-agent/agent.py: Using EditorConfig core...
arizaikhlas01/data-agent/agent.py: Using EditorConfig core...
data-agent/agent.py: Target charset is not set
arizaikhlas01/data-agent/agent.py: Using EditorConfig core...
arizaikhlas01/data-agent/agent.py: Using EditorConfig core...
data-agent/agent.py: Target charset is not set
arizaikhlas01/data-agent/agent.py: {"tabSize":4,"indentSize":4,"insertSpaces":true,"cursorStyle":1,"lineNumbers":1}
arizaikhlas01/data-agent/agent.py: Using EditorConfig core...
arizaikhlas01/data-agent/agent.py: Using EditorConfig core...
data-agent/agent.py: Target charset is not set
arizaikhlas01/data-agent/agent.py: {"tabSize":4,"indentSize":4,"insertSpaces":true,"cursorStyle":1,"lineNumbers":1}
arizaikhlas01/data-agent/agent.py: Using EditorConfig core...
arizaikhlas01/data-agent/agent.py: Using EditorConfig core...
data-agent/agent.py: Target charset is not set
arizaikhlas01/data-agent/agent.py: Using EditorConfig core...
arizaikhlas01/data-agent/agent.py: Using EditorConfig core...
data-agent/agent.py: Target charset is not set
arizaikhlas01/data-agent/agent.py: Using EditorConfig core...
arizaikhlas01/data-agent/agent.py: Using EditorConfig core...
data-agent/agent.py: Target charset is not set
arizaikhlas01/data-agent/agent.py: Using EditorConfig core...
arizaikhlas01/data-agent/agent.py: Using EditorConfig core...
data-agent/agent.py: Target charset is not set
arizaikhlas01/data-agent/agent.py: {"tabSize":4,"indentSize":4,"insertSpaces":true,"cursorStyle":1,"lineNumbers":1}
arizaikhlas01/data-agent/agent.py: {"tabSize":4,"indentSize":4,"insertSpaces":true,"cursorStyle":1,"lineNumbers":1}
arizaikhlas01/data-agent/agent.py: {"tabSize":4,"indentSize":4,"insertSpaces":true,"cursorStyle":1,"lineNumbers":1}
arizaikhlas01/data-agent/agent.py: Using EditorConfig core...
arizaikhlas01/data-agent/agent.py: Using EditorConfig core...
data-agent/agent.py: Target charset is not set
arizaikhlas01/data-agent/agent.py: Using EditorConfig core...
arizaikhlas01/data-agent/agent.py: Using EditorConfig core...
data-agent/agent.py: Target charset is not set
arizaikhlas01/data-agent/agent.py: {"tabSize":4,"indentSize":4,"insertSpaces":true,"cursorStyle":1,"lineNumbers":1}
arizaikhlas01/data-agent/agent.py: {"tabSize":4,"indentSize":4,"insertSpaces":true,"cursorStyle":1,"lineNumbers":1}
arizaikhlas01/data-agent/agent.py: Using EditorConfig core...
arizaikhlas01/data-agent/agent.py: Using EditorConfig core...
data-agent/agent.py: Target charset is not set
arizaikhlas01/data-agent/agent.py: {"tabSize":4,"indentSize":4,"insertSpaces":true,"cursorStyle":1,"lineNumbers":1}
arizaikhlas01/data-agent/agent.py: {"tabSize":4,"indentSize":4,"insertSpaces":true,"cursorStyle":1,"lineNumbers":1}
arizaikhlas01/data-agent/agent.py: {"tabSize":4,"indentSize":4,"insertSpaces":true,"cursorStyle":1,"lineNumbers":1}
arizaikhlas01/data-agent/agent.py: {"tabSize":4,"indentSize":4,"insertSpaces":true,"cursorStyle":1,"lineNumbers":1}
arizaikhlas01/data-agent/agent.py: Using EditorConfig core...
arizaikhlas01/data-agent/agent.py: Using EditorConfig core...
data-agent/agent.py: Target charset is not set
arizaikhlas01/data-agent/agent.py: {"tabSize":4,"indentSize":4,"insertSpaces":true,"cursorStyle":1,"lineNumbers":1}
arizaikhlas01/data-agent/agent.py: Using EditorConfig core...
arizaikhlas01/data-agent/agent.py: Using EditorConfig core...
data-agent/agent.py: Target charset is not set
arizaikhlas01/data-agent/agent.py: {"tabSize":4,"indentSize":4,"insertSpaces":true,"cursorStyle":1,"lineNumbers":1}
arizaikhlas01/data-agent/agent.py: {"tabSize":4,"indentSize":4,"insertSpaces":true,"cursorStyle":1,"lineNumbers":1}
arizaikhlas01/data-agent/agent.py: {"tabSize":4,"indentSize":4,"insertSpaces":true,"cursorStyle":1,"lineNumbers":1}
arizaikhlas01/data-agent/agent.py: {"tabSize":4,"indentSize":4,"insertSpaces":true,"cursorStyle":1,"lineNumbers":1}
arizaikhlas01/data-agent/agent.py: {"tabSize":4,"indentSize":4,"insertSpaces":true,"cursorStyle":1,"lineNumbers":1}
arizaikhlas01/data-agent/agent.py: Using EditorConfig core...
arizaikhlas01/data-agent/agent.py: Using EditorConfig core...
data-agent/agent.py: Target charset is not set
arizaikhlas01/data-agent/agent.py: Using EditorConfig core...
arizaikhlas01/data-agent/agent.py: Using EditorConfig core...
data-agent/agent.py: Target charset is not set
arizaikhlas01/data-agent/agent.py: Using EditorConfig core...
arizaikhlas01/data-agent/agent.py: Using EditorConfig core...
data-agent/agent.py: Target charset is not set
arizaikhlas01/data-agent/agent.py: {"tabSize":4,"indentSize":4,"insertSpaces":true,"cursorStyle":1,"lineNumbers":1}
arizaikhlas01/data-agent/agent.py: {"tabSize":4,"indentSize":4,"insertSpaces":true,"cursorStyle":1,"lineNumbers":1}
arizaikhlas01/data-agent/agent.py: {"tabSize":4,"indentSize":4,"insertSpaces":true,"cursorStyle":1,"lineNumbers":1}
